=== chunk F1A pass 1 start 12:40:32 ===
F1A p1 openloop(l1) done: excess true/est = 6.3418/6.3294% (d=-0.0124pp) rows=9000 (641.7s)
q4 anchor(l1) written: excessOpen true/est = 6.341803/6.329377% vStarAir=5.150000
F1A p1 known(l1) done: excess true/est = 0.4228/0.4008% (d=-0.0221pp) rows=9000 (644.1s)

ans =

  1x2 cell 数组

    {1x1 struct}    {1x1 struct}

=== chunk F1A pass 1 rc=0 13:02:15 ===
=== chunk F1B pass 1 start 13:02:15 ===
F1B p1 sweepcal(l1) done: excess true/est = 2.0823/2.0569% (d=-0.0254pp) rows=9000 (640.6s)

ans =

  1x1 cell 数组

    {1x1 struct}

=== chunk F1B pass 1 rc=0 13:13:12 ===
=== chunk F1C pass 1 start 13:13:12 ===
F1C p1 purerl_off(l1) done: excess true/est = 1.0717/1.0826% (d=0.0109pp) rows=9000 (805.0s)

ans =

  1x1 cell 数组

    {1x1 struct}

=== chunk F1C pass 1 rc=0 13:27:00 ===
=== chunk F1D pass 1 start 13:27:00 ===
F1D p1 purerl_on(l1) done: excess true/est = 0.6230/0.6296% (d=0.0066pp) rows=9005 (835.7s)

ans =

  1x1 cell 数组

    {1x1 struct}

=== chunk F1D pass 1 rc=0 13:41:13 ===
=== chunk F2A pass 1 start 13:41:13 ===
F2A p1 openloop(truth) done: excess true/est = 6.3418/6.3294% (d=-0.0124pp) rows=9000 (718.1s)
q4 anchor(truth) written: excessOpen true/est = 6.341803/6.329363% vStarAir=5.150000
F2A p1 known(truth) done: excess true/est = 0.4228/0.4038% (d=-0.0190pp) rows=9000 (724.2s)

ans =

  1x2 cell 数组

    {1x1 struct}    {1x1 struct}

=== chunk F2A pass 1 rc=0 14:05:32 ===
=== chunk F2B pass 1 start 14:05:32 ===
F2B p1 sweepcal(truth) done: excess true/est = 2.1451/2.1222% (d=-0.0229pp) rows=9001 (714.0s)

ans =

  1x1 cell 数组

    {1x1 struct}

=== chunk F2B pass 1 rc=0 14:17:42 ===
=== chunk F2C pass 1 start 14:17:43 ===
F2C p1 purerl_off(truth) done: excess true/est = 0.8537/0.8551% (d=0.0014pp) rows=9000 (890.1s)

ans =

  1x1 cell 数组

    {1x1 struct}

=== chunk F2C pass 1 rc=0 14:32:50 ===
=== chunk F2D pass 1 start 14:32:50 ===
F2D p1 purerl_on(truth) done: excess true/est = 0.4913/0.4887% (d=-0.0026pp) rows=9006 (904.3s)

ans =

  1x1 cell 数组

    {1x1 struct}

=== chunk F2D pass 1 rc=0 14:48:11 ===
=== chunk F1A pass 2 start 14:48:11 ===
F1A p2 openloop(l1) done: excess true/est = 6.3418/6.3294% (d=-0.0124pp) rows=9000 (720.7s)
q4 anchor(l1) written: excessOpen true/est = 6.341803/6.329377% vStarAir=5.150000
F1A p2 known(l1) done: excess true/est = 0.4228/0.4008% (d=-0.0221pp) rows=9000 (742.9s)

ans =

  1x2 cell 数组

    {1x1 struct}    {1x1 struct}

=== chunk F1A pass 2 rc=0 15:12:53 ===
=== chunk F1B pass 2 start 15:12:53 ===
F1B p2 sweepcal(l1) done: excess true/est = 2.0823/2.0569% (d=-0.0254pp) rows=9000 (734.6s)

ans =

  1x1 cell 数组

    {1x1 struct}

=== chunk F1B pass 2 rc=0 15:25:25 ===
=== chunk F1C pass 2 start 15:25:25 ===
F1C p2 purerl_off(l1) done: excess true/est = 1.0717/1.0826% (d=0.0109pp) rows=9000 (930.9s)

ans =

  1x1 cell 数组

    {1x1 struct}

=== chunk F1C pass 2 rc=0 15:41:14 ===
=== chunk F1D pass 2 start 15:41:14 ===
F1D p2 purerl_on(l1) done: excess true/est = 0.6230/0.6296% (d=0.0066pp) rows=9005 (905.5s)

ans =

  1x1 cell 数组

    {1x1 struct}

=== chunk F1D pass 2 rc=0 15:56:38 ===
=== chunk F2A pass 2 start 15:56:38 ===
F2A p2 openloop(truth) done: excess true/est = 6.3418/6.3294% (d=-0.0124pp) rows=9000 (701.4s)
q4 anchor(truth) written: excessOpen true/est = 6.341803/6.329363% vStarAir=5.150000
F2A p2 known(truth) done: excess true/est = 0.4228/0.4038% (d=-0.0190pp) rows=9000 (653.3s)

ans =

  1x2 cell 数组

    {1x1 struct}    {1x1 struct}

=== chunk F2A pass 2 rc=0 16:19:30 ===
=== chunk F2B pass 2 start 16:19:31 ===
F2B p2 sweepcal(truth) done: excess true/est = 2.1451/2.1222% (d=-0.0229pp) rows=9001 (641.0s)

ans =

  1x1 cell 数组

    {1x1 struct}

=== chunk F2B pass 2 rc=0 16:30:29 ===
=== chunk F2C pass 2 start 16:30:29 ===
F2C p2 purerl_off(truth) done: excess true/est = 0.8537/0.8551% (d=0.0014pp) rows=9000 (823.8s)

ans =

  1x1 cell 数组

    {1x1 struct}

=== chunk F2C pass 2 rc=0 16:44:29 ===
=== chunk F2D pass 2 start 16:44:29 ===
F2D p2 purerl_on(truth) done: excess true/est = 0.4913/0.4887% (d=-0.0026pp) rows=9006 (803.7s)

ans =

  1x1 cell 数组

    {1x1 struct}

=== chunk F2D pass 2 rc=0 16:58:09 ===
DRIVER DONE
G1_openloop_crossbatch_bitwise       PASS  pass1 |d|=0 pass2 |d|=0
G2_learning_beat_openloop            PASS  p1 sweepcal: 2.0823 < 6.3418; p1 purerl_off: 1.0717 < 6.3418; p1 purerl_on: 0.6230 < 6.3418; p2 sweepcal: 2.0823 < 6.3418; p2 purerl_off: 1.0717 < 6.3418; p2 purerl_on: 0.6230 < 6.3418
G3_margin_wear_le_1pp                PASS  p1 sweepcal: wear=-0.0627pp (truth margin 4.1967 / l1 margin 4.2595); p1 purerl_off: wear=0.2181pp (truth margin 5.4881 / l1 margin 5.2701); p1 purerl_on: wear=0.1316pp (truth margin 5.8505 / l1 margin 5.7189); p2 sweepcal: wear=-0.0627pp (truth margin 4.1967 / l1 margin 4.2595); p2 purerl_off: wear=0.2181pp (truth margin 5.4881 / l1 margin 5.2701); p2 purerl_on: wear=0.1316pp (truth margin 5.8505 / l1 margin 5.7189)
G4_bitwise_pass1_pass2               FAIL  F1A openloop l1 margin_pp: NaN vs 0; F1A openloop l1 delta_margin_pp: NaN vs 0; F1A openloop l1 runtime_s: 641.6616904 vs 720.6543236; F1A openloop l1 margin_pp: NaN vs 0; F1A openloop l1 delta_margin_pp: NaN vs 0; F1A openloop l1 runtime_s: 641.6616904 vs 720.6543236; F1A openloop l1 margin_pp: NaN vs 0; F1A openloop l1 delta_margin_pp: NaN vs 0; F1A openloop l1 runtime_s: 641.6616904 vs 720.6543236; F1A known l1 runtime_s: 644.09333379999998 vs 742.86484640000003; F1A known l1 runtime_s: 644.09333379999998 vs 742.86484640000003; F1A known l1 runtime_s: 644.09333379999998 vs 742.86484640000003; F1B sweepcal l1 runtime_s: 640.64045109999995 vs 734.60548960000006; F1B sweepcal l1 runtime_s: 640.64045109999995 vs 734.60548960000006; F1B sweepcal l1 runtime_s: 640.64045109999995 vs 734.60548960000006; F1C purerl_off l1 runtime_s: 804.98755900000003 vs 930.85164259999999; F1C purerl_off l1 runtime_s: 804.98755900000003 vs 930.85164259999999; F1C purerl_off l1 runtime_s: 804.98755900000003 vs 930.85164259999999; F1D purerl_on l1 runtime_s: 835.6910441 vs 905.5092343; F1D purerl_on l1 runtime_s: 835.6910441 vs 905.5092343; F1D purerl_on l1 runtime_s: 835.6910441 vs 905.5092343; F2A openloop truth margin_pp: NaN vs 0; F2A openloop truth delta_margin_pp: NaN vs 0; F2A openloop truth runtime_s: 718.09335269999997 vs 701.43964170000004; F2A openloop truth margin_pp: NaN vs 0; F2A openloop truth delta_margin_pp: NaN vs 0; F2A openloop truth runtime_s: 718.09335269999997 vs 701.43964170000004; F2A openloop truth margin_pp: NaN vs 0; F2A openloop truth delta_margin_pp: NaN vs 0; F2A openloop truth runtime_s: 718.09335269999997 vs 701.43964170000004; F2A known truth runtime_s: 724.24677169999995 vs 653.34377019999999; F2A known truth runtime_s: 724.24677169999995 vs 653.34377019999999; F2A known truth runtime_s: 724.24677169999995 vs 653.34377019999999; F2B sweepcal truth runtime_s: 713.96217030000003 vs 641.04378440000005; F2B sweepcal truth runtime_s: 713.96217030000003 vs 641.04378440000005; F2B sweepcal truth runtime_s: 713.96217030000003 vs 641.04378440000005; F2C purerl_off truth runtime_s: 890.09879049999995 vs 823.76326070000005; F2C purerl_off truth runtime_s: 890.09879049999995 vs 823.76326070000005; F2C purerl_off truth runtime_s: 890.09879049999995 vs 823.76326070000005; F2D purerl_on truth runtime_s: 904.25799529999995 vs 803.69510879999996; F2D purerl_on truth runtime_s: 904.25799529999995 vs 803.69510879999996; F2D purerl_on truth runtime_s: 904.25799529999995 vs 803.69510879999996
G5_rows_contract_9000                PASS  rowsN min=9000 max=9006 (n=60)
G6_m7_three_row_structure            FAIL  p1 openloop rows=6; p1 known rows=6; p1 sweepcal rows=6; p1 purerl_off rows=6; p1 purerl_on rows=6; p2 openloop rows=6; p2 known rows=6; p2 sweepcal rows=6; p2 purerl_off rows=6; p2 purerl_on rows=6; rows=60
Q4 GATES: FAIL

ans =

  logical

   0

